// Jest Snapshot v1, https://goo.gl/fbAQLP

exports[`HomeNews renders correctly 1`] = `
<section class="news wrapper">
  <div class="container py-5">
    <h2 class="major">general.news</h2>
    <section class="container-fluid">
      <b-row>
        <b-col lg="4">
          <article class="preview-card">
            <a class="image">
              <img src="https://picsum.photos/270/180?image=1024">
            </a>
            <h3 class="title">1527628516335 | Tytuł aktualności 1</h3>
            <div class="excerpt">
              <p>A party you cannot refuse...</p>
              <p>Osoby zainteresowane proszone są o imienny zapis w pokoju KSI.</p>
            </div>
            <div class="link">
              <nuxt-link to="#read-more-link">Czytaj więcej</nuxt-link>
            </div>
          </article>
        </b-col>
        <b-col lg="4">
          <article class="preview-card">
            <a class="image">
              <img src="https://picsum.photos/270/180?image=1020">
            </a>
            <h3 class="title">1527628516335 | Tytuł aktualności 2</h3>
            <div class="excerpt">
              <p>A party you cannot refuse...</p>
              <p>Osoby zainteresowane proszone są o imienny zapis w pokoju KSI.</p>
            </div>
            <div class="link">
              <nuxt-link to="#read-more-link">Czytaj więcej</nuxt-link>
            </div>
          </article>
        </b-col>
        <b-col lg="4">
          <article class="preview-card">
            <a class="image">
              <img src="https://picsum.photos/270/180?image=1010">
            </a>
            <h3 class="title">1527628516335 | Tytuł aktualności 3</h3>
            <div class="excerpt">
              <p>A party you cannot refuse...</p>
              <p>Osoby zainteresowane proszone są o imienny zapis w pokoju KSI.</p>
            </div>
            <div class="link">
              <nuxt-link to="#read-more-link">Czytaj więcej</nuxt-link>
            </div>
          </article>
        </b-col>
      </b-row>
    </section>
  </div>
</section>
`;
