// Jest Snapshot v1, https://goo.gl/fbAQLP

exports[`HomeNews renders correctly 1`] = `
<section id="home-news" class="news wrapper">
  <div class="container py-5">
    <h2 class="major"></h2>
    <section class="container-fluid">
      <b-row>
        <b-col lg="4">
          <article>
            <a class="image">
              <img src="https://picsum.photos/270/180?image=1024" alt="">
            </a>
            <h3 class="major">2018-11-28 | Tytuł aktualności 1</h3>
            <div id="excerpt">
              <p>A party you cannot refuse...</p>
              <p>Osoby zainteresowane proszone są o imienny zapis w pokoju KSI.</p>
            </div>
            <a href="#read-more-link" class="special">Czytaj więcej</a>
          </article>
        </b-col>
        <b-col lg="4">
          <article>
            <a class="image">
              <img src="https://picsum.photos/270/180?image=1020" alt="">
            </a>
            <h3 class="major">2018-11-28 | Tytuł aktualności 2</h3>
            <div id="excerpt">
              <p>A party you cannot refuse...</p>
              <p>Osoby zainteresowane proszone są o imienny zapis w pokoju KSI.</p>
            </div>
            <a href="#read-more-link" class="special">Czytaj więcej</a>
          </article>
        </b-col>
        <b-col lg="4">
          <article>
            <a class="image">
              <img src="https://picsum.photos/270/180?image=1010" alt="">
            </a>
            <h3 class="major">2018-11-28 | Tytuł aktualności 3</h3>
            <div id="excerpt">
              <p>A party you cannot refuse...</p>
              <p>Osoby zainteresowane proszone są o imienny zapis w pokoju KSI.</p>
            </div>
            <a href="#read-more-link" class="special">Czytaj więcej</a>
          </article>
        </b-col>
      </b-row>
    </section>
  </div>
</section>
`;
