// Jest Snapshot v1, https://goo.gl/fbAQLP

exports[`HomeNews renders correctly 1`] = `
<section class="news wrapper pb-3">
  <div class="container pt-5">
    <h2 class="major">general.news</h2>
  </div>
  <section class="container px-5 pb-5">
    <b-row>
      <b-col lg="4" class="pr-3 pb-5">
        <div class="preview-card card rounded border-0">
          <img src="https://picsum.photos/270/180?image=1024" class="card-img-top rounded-top">
          <div class="card-body">
            <h6 class="card-subtitle mb-2 text-muted">1527628516335</h6>
            <h5 class="card-title">Tytuł aktualności 1</h5>
            <div class="card-text">
              <p>A party you cannot refuse...</p>
              <p>Osoby zainteresowane proszone są o imienny zapis w pokoju KSI.</p>
            </div>
            <nuxt-link to="{&quot;name&quot;:&quot;news-article&quot;,&quot;params&quot;:{&quot;article&quot;:&quot;tytul-aktualnosci-1&quot;}}" class="card-link">Czytaj więcej</nuxt-link>
          </div>
        </div>
      </b-col>
      <b-col lg="4" class="pr-3 pb-5">
        <div class="preview-card card rounded border-0">
          <img src="https://picsum.photos/270/180?image=1020" class="card-img-top rounded-top">
          <div class="card-body">
            <h6 class="card-subtitle mb-2 text-muted">1527628516335</h6>
            <h5 class="card-title">Tytuł aktualności 2</h5>
            <div class="card-text">
              <p>A party you cannot refuse...</p>
              <p>Osoby zainteresowane proszone są o imienny zapis w pokoju KSI.</p>
            </div>
            <nuxt-link to="{&quot;name&quot;:&quot;news-article&quot;,&quot;params&quot;:{&quot;article&quot;:&quot;tytul-aktualnosci-2&quot;}}" class="card-link">Czytaj więcej</nuxt-link>
          </div>
        </div>
      </b-col>
      <b-col lg="4" class="pr-3 pb-5">
        <div class="preview-card card rounded border-0">
          <img src="https://picsum.photos/270/180?image=1010" class="card-img-top rounded-top">
          <div class="card-body">
            <h6 class="card-subtitle mb-2 text-muted">1527628516335</h6>
            <h5 class="card-title">Tytuł aktualności 3</h5>
            <div class="card-text">
              <p>A party you cannot refuse...</p>
              <p>Osoby zainteresowane proszone są o imienny zapis w pokoju KSI.</p>
            </div>
            <nuxt-link to="{&quot;name&quot;:&quot;news-article&quot;,&quot;params&quot;:{&quot;article&quot;:&quot;tytul-aktualnosci-3&quot;}}" class="card-link">Czytaj więcej</nuxt-link>
          </div>
        </div>
      </b-col>
    </b-row>
  </section>
</section>
`;
