// Jest Snapshot v1, https://goo.gl/fbAQLP

exports[`HomeNews renders correctly 1`] = `
<div class="home-news py-5">
  <div class="container">
    <div class="row">
      <div class="col-md-12">
        <h2 class="text-primary">Aktualności</h2>
      </div>
    </div>
    <div class="row">
      <div class="col-md-12">
        <div class="row">
          <div class="col-md-4">
            <img src="https://picsum.photos/270/180?image=1024" class="img-fluid d-block w-100 mb-3 rounded">
            <h2 class="text-primary">Tytuł aktualności 1</h2>
            <p>Lorem ipsum dolor sit amet, consectetur adipiscing elit, sed do eiusmod tempor incididunt ut labore et dolore magna aliqua. Ut enim ad minim veniam, quis nostrud exercitation ullamco laboris nisi ut aliquip ex ea commodo consequat. Duis aute
              irure dolor in reprehenderit in voluptate velit esse cillum dolore eu fugiat nulla pariatur. Excepteur sint occaecat cupidatat non proident, sunt in culpa qui officia deserunt mollit anim id est laborum.</p>
          </div>
          <div class="col-md-4">
            <img src="https://picsum.photos/270/180?image=1020" class="img-fluid d-block w-100 mb-3 rounded">
            <h2 class="text-primary">Tytuł aktualności 2</h2>
            <p>Lorem ipsum dolor sit amet, consectetur adipiscing elit, sed do eiusmod tempor incididunt ut labore et dolore magna aliqua. Ut enim ad minim veniam, quis nostrud exercitation ullamco laboris nisi ut aliquip ex ea commodo consequat. Duis aute
              irure dolor in reprehenderit in voluptate velit esse cillum dolore eu fugiat nulla pariatur. Excepteur sint occaecat cupidatat non proident, sunt in culpa qui officia deserunt mollit anim id est laborum.</p>
          </div>
          <div class="col-md-4">
            <img src="https://picsum.photos/270/180?image=1010" class="img-fluid d-block w-100 mb-3 rounded">
            <h2 class="text-primary">Tytuł aktualności 3</h2>
            <p>Lorem ipsum dolor sit amet, consectetur adipiscing elit, sed do eiusmod tempor incididunt ut labore et dolore magna aliqua. Ut enim ad minim veniam, quis nostrud exercitation ullamco laboris nisi ut aliquip ex ea commodo consequat. Duis aute
              irure dolor in reprehenderit in voluptate velit esse cillum dolore eu fugiat nulla pariatur. Excepteur sint occaecat cupidatat non proident, sunt in culpa qui officia deserunt mollit anim id est laborum.</p>
          </div>
        </div>
      </div>
    </div>
  </div>
</div>
`;
